2025-12-22 16:35:54,450 | INFO | === Face Extraction Started ===
2025-12-22 16:35:54,450 | INFO | Dataset root: C:\programming\Datasets\CUSTOM_DATASET_ORG
2025-12-22 16:35:54,450 | INFO | Log file: C:\programming\Bachelor-Thesis-AI\src\components\embeddings_creation\emb_extraction.log
2025-12-22 16:35:56,561 | INFO | Found 24 identities
2025-12-22 16:35:56,561 | INFO | [PERSON] Aida | images=24
2025-12-22 16:35:56,984 | INFO | [IMG] Aida_001.jpeg | shape=(1600, 1200, 3) | faces=1 | upscaled=False
2025-12-22 16:35:57,370 | INFO | [IMG] Aida_002.jpeg | shape=(1600, 1200, 3) | faces=1 | upscaled=False
2025-12-22 16:35:57,505 | INFO | [IMG] Aida_003.jpeg | shape=(1600, 738, 3) | faces=0 | upscaled=False
2025-12-22 16:35:57,934 | INFO | [IMG] Aida_004.jpeg | shape=(1600, 1200, 3) | faces=1 | upscaled=False
2025-12-22 16:35:58,400 | INFO | [IMG] Aida_005.jpeg | shape=(1600, 1200, 3) | faces=1 | upscaled=False
2025-12-22 16:35:58,834 | INFO | [IMG] Aida_006.jpeg | shape=(1600, 1200, 3) | faces=1 | upscaled=False
2025-12-22 16:36:01,246 | INFO | [IMG] Aida_007.jpeg | shape=(1600, 1302, 3) | faces=1 | upscaled=False
2025-12-22 16:36:01,639 | INFO | [IMG] Aida_008.jpeg | shape=(1600, 1200, 3) | faces=1 | upscaled=False
2025-12-22 16:36:01,783 | INFO | [IMG] Aida_009.jpeg | shape=(1600, 1200, 3) | faces=0 | upscaled=False
2025-12-22 16:36:02,134 | INFO | [IMG] Aida_010.jpeg | shape=(1200, 1600, 3) | faces=1 | upscaled=False
2025-12-22 16:36:02,533 | INFO | [IMG] Aida_011.jpeg | shape=(1600, 1200, 3) | faces=1 | upscaled=False
2025-12-22 16:36:02,872 | INFO | [IMG] Aida_012.jpeg | shape=(1600, 738, 3) | faces=1 | upscaled=False
2025-12-22 16:36:03,009 | INFO | [IMG] Aida_013.jpeg | shape=(1600, 1200, 3) | faces=0 | upscaled=False
2025-12-22 16:36:03,366 | INFO | [IMG] Aida_014.jpeg | shape=(1200, 1600, 3) | faces=1 | upscaled=False
2025-12-22 16:36:03,753 | INFO | [IMG] Aida_015.jpeg | shape=(1200, 1600, 3) | faces=1 | upscaled=False
2025-12-22 16:36:04,146 | INFO | [IMG] Aida_016.jpeg | shape=(1600, 1200, 3) | faces=1 | upscaled=False
2025-12-22 16:36:04,498 | INFO | [IMG] Aida_017.jpeg | shape=(1600, 738, 3) | faces=1 | upscaled=False
2025-12-22 16:36:05,909 | INFO | [IMG] Aida_018.jpeg | shape=(1200, 1600, 3) | faces=1 | upscaled=False
2025-12-22 16:36:06,257 | INFO | [IMG] Aida_019.jpeg | shape=(1600, 873, 3) | faces=0 | upscaled=False
2025-12-22 16:36:06,257 | WARNING | Faces detected but filtered out
2025-12-22 16:36:06,257 | WARNING | RAW score=0.828 size=(57x72)
2025-12-22 16:36:07,803 | INFO | [IMG] Aida_020.jpeg | shape=(1600, 900, 3) | faces=1 | upscaled=False
2025-12-22 16:36:08,320 | INFO | [IMG] Aida_021.jpeg | shape=(1600, 1200, 3) | faces=1 | upscaled=False
2025-12-22 16:36:08,664 | INFO | [IMG] Aida_022.jpeg | shape=(1600, 1200, 3) | faces=1 | upscaled=False
2025-12-22 16:36:09,041 | INFO | [IMG] Aida_023.jpeg | shape=(1600, 1200, 3) | faces=1 | upscaled=False
2025-12-22 16:36:09,540 | INFO | [IMG] Aida_024.jpeg | shape=(1600, 900, 3) | faces=1 | upscaled=False
2025-12-22 16:36:09,542 | INFO | [PERSON] Aigerim | images=20
2025-12-22 16:36:10,019 | INFO | [IMG] Aigerim_001.jpeg | shape=(1600, 1200, 3) | faces=1 | upscaled=False
2025-12-22 16:36:11,769 | INFO | [IMG] Aigerim_002.jpeg | shape=(1600, 900, 3) | faces=1 | upscaled=False
2025-12-22 16:36:12,534 | INFO | [IMG] Aigerim_003.jpeg | shape=(1600, 1200, 3) | faces=2 | upscaled=False
2025-12-22 16:36:13,028 | INFO | [IMG] Aigerim_004.jpeg | shape=(1600, 1200, 3) | faces=1 | upscaled=False
2025-12-22 16:36:13,523 | INFO | [IMG] Aigerim_005.jpeg | shape=(1600, 1200, 3) | faces=1 | upscaled=False
2025-12-22 16:36:14,500 | INFO | [IMG] Aigerim_006.jpeg | shape=(1600, 1200, 3) | faces=1 | upscaled=False
2025-12-22 16:36:15,006 | INFO | [IMG] Aigerim_007.jpeg | shape=(450, 252, 3) | faces=0 | upscaled=True
2025-12-22 16:36:15,007 | WARNING | Faces detected but filtered out
2025-12-22 16:36:15,007 | WARNING | RAW score=0.841 size=(62x86)
2025-12-22 16:36:15,720 | INFO | [IMG] Aigerim_008.jpeg | shape=(1600, 1200, 3) | faces=2 | upscaled=False
2025-12-22 16:36:16,165 | INFO | [IMG] Aigerim_009.jpeg | shape=(753, 239, 3) | faces=1 | upscaled=True
2025-12-22 16:36:16,859 | INFO | [IMG] Aigerim_010.jpeg | shape=(1600, 1200, 3) | faces=1 | upscaled=False
2025-12-22 16:36:17,834 | INFO | [IMG] Aigerim_011.jpeg | shape=(1280, 960, 3) | faces=1 | upscaled=False
2025-12-22 16:36:18,344 | INFO | [IMG] Aigerim_012.jpeg | shape=(480, 292, 3) | faces=1 | upscaled=False
2025-12-22 16:36:18,786 | INFO | [IMG] Aigerim_013.jpeg | shape=(315, 260, 3) | faces=1 | upscaled=False
2025-12-22 16:36:19,245 | INFO | [IMG] Aigerim_014.jpeg | shape=(318, 209, 3) | faces=1 | upscaled=True
2025-12-22 16:36:19,709 | INFO | [IMG] Aigerim_015.jpeg | shape=(264, 237, 3) | faces=1 | upscaled=True
2025-12-22 16:36:20,186 | INFO | [IMG] Aigerim_016.jpeg | shape=(747, 523, 3) | faces=1 | upscaled=False
2025-12-22 16:36:20,643 | INFO | [IMG] Aigerim_017.jpeg | shape=(353, 295, 3) | faces=1 | upscaled=False
2025-12-22 16:36:21,131 | INFO | [IMG] Aigerim_018.jpeg | shape=(1280, 720, 3) | faces=1 | upscaled=False
2025-12-22 16:36:21,878 | INFO | [IMG] Aigerim_019.jpeg | shape=(374, 218, 3) | faces=1 | upscaled=True
2025-12-22 16:36:22,327 | INFO | [IMG] Aigerim_020.jpeg | shape=(1082, 630, 3) | faces=1 | upscaled=False
2025-12-22 16:36:22,327 | INFO | [PERSON] Aikorkem | images=15
2025-12-22 16:36:22,802 | INFO | [IMG] Aikorkem_001.jpeg | shape=(715, 625, 3) | faces=1 | upscaled=False
2025-12-22 16:36:25,753 | INFO | [IMG] Aikorkem_002.jpeg | shape=(440, 293, 3) | faces=1 | upscaled=False
2025-12-22 16:36:25,923 | INFO | [IMG] Aikorkem_003.jpeg | shape=(716, 458, 3) | faces=0 | upscaled=False
2025-12-22 16:36:26,388 | INFO | [IMG] Aikorkem_004.jpeg | shape=(1600, 1200, 3) | faces=1 | upscaled=False
2025-12-22 16:36:26,822 | INFO | [IMG] Aikorkem_005.jpeg | shape=(678, 362, 3) | faces=1 | upscaled=False
2025-12-22 16:36:27,608 | INFO | [IMG] Aikorkem_006.jpeg | shape=(712, 650, 3) | faces=1 | upscaled=False
2025-12-22 16:36:28,093 | INFO | [IMG] Aikorkem_007.jpeg | shape=(1600, 1200, 3) | faces=1 | upscaled=False
2025-12-22 16:36:28,582 | INFO | [IMG] Aikorkem_008.jpeg | shape=(1600, 1200, 3) | faces=1 | upscaled=False
2025-12-22 16:36:28,746 | INFO | [IMG] Aikorkem_009.jpeg | shape=(806, 420, 3) | faces=0 | upscaled=False
2025-12-22 16:36:29,216 | INFO | [IMG] Aikorkem_010.jpeg | shape=(875, 446, 3) | faces=1 | upscaled=False
2025-12-22 16:36:31,536 | INFO | [IMG] Aikorkem_011.jpeg | shape=(1600, 1200, 3) | faces=2 | upscaled=False
2025-12-22 16:36:32,584 | INFO | [IMG] Aikorkem_012.jpeg | shape=(1600, 900, 3) | faces=1 | upscaled=False
2025-12-22 16:36:33,083 | INFO | [IMG] Aikorkem_013.jpeg | shape=(1600, 1200, 3) | faces=1 | upscaled=False
2025-12-22 16:36:33,560 | INFO | [IMG] Aikorkem_014.jpeg | shape=(465, 300, 3) | faces=1 | upscaled=False
2025-12-22 16:36:34,570 | INFO | [IMG] Aikorkem_015.jpeg | shape=(1600, 900, 3) | faces=1 | upscaled=False
2025-12-22 16:36:34,570 | INFO | [PERSON] Aiym | images=28
2025-12-22 16:36:35,079 | INFO | [IMG] Aiym_001.jpeg | shape=(633, 320, 3) | faces=1 | upscaled=False
2025-12-22 16:36:35,551 | INFO | [IMG] Aiym_002.jpeg | shape=(1280, 960, 3) | faces=1 | upscaled=False
2025-12-22 16:36:36,014 | INFO | [IMG] Aiym_003.jpeg | shape=(1280, 960, 3) | faces=1 | upscaled=False
2025-12-22 16:36:36,460 | INFO | [IMG] Aiym_004.jpeg | shape=(631, 595, 3) | faces=1 | upscaled=False
2025-12-22 16:36:36,921 | INFO | [IMG] Aiym_005.jpeg | shape=(828, 351, 3) | faces=1 | upscaled=False
2025-12-22 16:36:37,389 | INFO | [IMG] Aiym_006.jpeg | shape=(1280, 960, 3) | faces=1 | upscaled=False
2025-12-22 16:36:37,561 | INFO | [IMG] Aiym_007.jpeg | shape=(411, 324, 3) | faces=0 | upscaled=False
2025-12-22 16:36:38,053 | INFO | [IMG] Aiym_008.jpeg | shape=(1280, 960, 3) | faces=1 | upscaled=False
2025-12-22 16:36:38,515 | INFO | [IMG] Aiym_009.jpeg | shape=(361, 187, 3) | faces=1 | upscaled=True
2025-12-22 16:36:40,002 | INFO | [IMG] Aiym_010.jpeg | shape=(1600, 1200, 3) | faces=1 | upscaled=False
2025-12-22 16:36:40,537 | INFO | [IMG] Aiym_011.jpeg | shape=(1000, 568, 3) | faces=1 | upscaled=False
2025-12-22 16:36:40,974 | INFO | [IMG] Aiym_012.jpeg | shape=(929, 671, 3) | faces=1 | upscaled=False
2025-12-22 16:36:41,727 | INFO | [IMG] Aiym_013.jpeg | shape=(358, 290, 3) | faces=1 | upscaled=False
2025-12-22 16:36:42,206 | INFO | [IMG] Aiym_014.jpeg | shape=(1600, 1200, 3) | faces=1 | upscaled=False
2025-12-22 16:36:42,682 | INFO | [IMG] Aiym_015.jpeg | shape=(1600, 1200, 3) | faces=1 | upscaled=False
2025-12-22 16:36:43,164 | INFO | [IMG] Aiym_016.jpeg | shape=(1600, 1200, 3) | faces=1 | upscaled=False
2025-12-22 16:36:44,428 | INFO | [IMG] Aiym_017.jpeg | shape=(1280, 960, 3) | faces=1 | upscaled=False
2025-12-22 16:36:45,722 | INFO | [IMG] Aiym_018.jpeg | shape=(1280, 960, 3) | faces=2 | upscaled=False
2025-12-22 16:36:46,655 | INFO | [IMG] Aiym_019.jpeg | shape=(1280, 960, 3) | faces=3 | upscaled=False
2025-12-22 16:36:47,144 | INFO | [IMG] Aiym_020.jpeg | shape=(1280, 960, 3) | faces=1 | upscaled=False
2025-12-22 16:36:47,887 | INFO | [IMG] Aiym_021.jpeg | shape=(811, 444, 3) | faces=1 | upscaled=False
2025-12-22 16:36:48,322 | INFO | [IMG] Aiym_022.jpeg | shape=(1280, 960, 3) | faces=1 | upscaled=False
2025-12-22 16:36:49,062 | INFO | [IMG] Aiym_023.jpeg | shape=(967, 685, 3) | faces=1 | upscaled=False
2025-12-22 16:36:49,545 | INFO | [IMG] Aiym_024.jpeg | shape=(1280, 960, 3) | faces=1 | upscaled=False
2025-12-22 16:36:50,030 | INFO | [IMG] Aiym_025.jpeg | shape=(1280, 960, 3) | faces=1 | upscaled=False
2025-12-22 16:36:50,717 | INFO | [IMG] Aiym_026.jpeg | shape=(1032, 464, 3) | faces=0 | upscaled=False
2025-12-22 16:36:50,717 | WARNING | Faces detected but filtered out
2025-12-22 16:36:50,717 | WARNING | RAW score=0.892 size=(61x74)
2025-12-22 16:36:50,717 | WARNING | RAW score=0.312 size=(85x81)
2025-12-22 16:36:51,171 | INFO | [IMG] Aiym_027.jpeg | shape=(1032, 464, 3) | faces=0 | upscaled=False
2025-12-22 16:36:51,171 | WARNING | Faces detected but filtered out
2025-12-22 16:36:51,171 | WARNING | RAW score=0.883 size=(61x76)
2025-12-22 16:36:51,655 | INFO | [IMG] Aiym_028.jpeg | shape=(1070, 584, 3) | faces=1 | upscaled=False
2025-12-22 16:36:51,655 | INFO | [PERSON] Aldo | images=13
2025-12-22 16:36:52,112 | INFO | [IMG] Aldo_001.jpeg | shape=(1012, 565, 3) | faces=1 | upscaled=False
2025-12-22 16:36:52,553 | INFO | [IMG] Aldo_002.jpeg | shape=(1021, 640, 3) | faces=1 | upscaled=False
2025-12-22 16:36:53,029 | INFO | [IMG] Aldo_003.jpeg | shape=(1094, 484, 3) | faces=1 | upscaled=False
2025-12-22 16:36:53,202 | INFO | [IMG] Aldo_004.jpeg | shape=(482, 318, 3) | faces=0 | upscaled=False
2025-12-22 16:36:53,754 | INFO | [IMG] Aldo_005.jpg | shape=(3912, 2608, 3) | faces=1 | upscaled=False
2025-12-22 16:36:54,309 | INFO | [IMG] Aldo_006.jpg | shape=(5176, 2015, 3) | faces=1 | upscaled=False
2025-12-22 16:36:54,795 | INFO | [IMG] Aldo_007.jpg | shape=(4800, 1565, 3) | faces=1 | upscaled=False
2025-12-22 16:36:55,009 | INFO | [IMG] Aldo_008.jpg | shape=(3044, 2456, 3) | faces=0 | upscaled=False
2025-12-22 16:36:55,725 | INFO | [IMG] Aldo_009.jpg | shape=(6000, 4000, 3) | faces=1 | upscaled=False
2025-12-22 16:36:56,506 | INFO | [IMG] Aldo_011.jpg | shape=(6000, 4000, 3) | faces=1 | upscaled=False
2025-12-22 16:36:57,171 | INFO | [IMG] Aldo_012.jpg | shape=(6000, 4000, 3) | faces=1 | upscaled=False
2025-12-22 16:36:57,820 | INFO | [IMG] Aldo_013.jpg | shape=(5561, 3707, 3) | faces=1 | upscaled=False
2025-12-22 16:36:58,478 | INFO | [IMG] Aldo_10.jpg | shape=(6000, 4000, 3) | faces=1 | upscaled=False
2025-12-22 16:36:58,479 | INFO | [PERSON] Alexander | images=25
2025-12-22 16:36:59,483 | INFO | [IMG] Alexander_001.jpeg | shape=(1280, 960, 3) | faces=1 | upscaled=False
2025-12-22 16:36:59,954 | INFO | [IMG] Alexander_002.jpeg | shape=(1105, 587, 3) | faces=1 | upscaled=False
2025-12-22 16:37:00,420 | INFO | [IMG] Alexander_003.jpeg | shape=(922, 473, 3) | faces=1 | upscaled=False
2025-12-22 16:37:01,768 | INFO | [IMG] Alexander_004.jpeg | shape=(1600, 718, 3) | faces=1 | upscaled=False
2025-12-22 16:37:02,837 | INFO | [IMG] Alexander_005.jpeg | shape=(1600, 1200, 3) | faces=1 | upscaled=False
2025-12-22 16:37:03,300 | INFO | [IMG] Alexander_006.jpeg | shape=(1600, 1200, 3) | faces=1 | upscaled=False
2025-12-22 16:37:03,792 | INFO | [IMG] Alexander_007.jpeg | shape=(1600, 1200, 3) | faces=1 | upscaled=False
2025-12-22 16:37:04,257 | INFO | [IMG] Alexander_008.jpeg | shape=(1600, 1200, 3) | faces=1 | upscaled=False
2025-12-22 16:37:05,608 | INFO | [IMG] Alexander_009.jpeg | shape=(1280, 960, 3) | faces=1 | upscaled=False
2025-12-22 16:37:06,098 | INFO | [IMG] Alexander_010.jpeg | shape=(1600, 1200, 3) | faces=1 | upscaled=False
2025-12-22 16:37:06,542 | INFO | [IMG] Alexander_011.jpeg | shape=(1600, 1200, 3) | faces=1 | upscaled=False
2025-12-22 16:37:07,059 | INFO | [IMG] Alexander_012.jpeg | shape=(1600, 1200, 3) | faces=1 | upscaled=False
2025-12-22 16:37:07,516 | INFO | [IMG] Alexander_013.jpeg | shape=(1485, 557, 3) | faces=1 | upscaled=False
2025-12-22 16:37:09,079 | INFO | [IMG] Alexander_014.jpeg | shape=(1600, 1200, 3) | faces=1 | upscaled=False
2025-12-22 16:37:09,257 | INFO | [IMG] Alexander_015.jpeg | shape=(1600, 1072, 3) | faces=0 | upscaled=False
2025-12-22 16:37:10,202 | INFO | [IMG] Alexander_016.jpeg | shape=(1600, 719, 3) | faces=1 | upscaled=False
2025-12-22 16:37:10,946 | INFO | [IMG] Alexander_017.jpeg | shape=(1600, 719, 3) | faces=2 | upscaled=False
2025-12-22 16:37:11,752 | INFO | [IMG] Alexander_018.jpeg | shape=(1296, 970, 3) | faces=1 | upscaled=False
2025-12-22 16:37:12,219 | INFO | [IMG] Alexander_019.jpeg | shape=(778, 622, 3) | faces=1 | upscaled=False
2025-12-22 16:37:12,672 | INFO | [IMG] Alexander_020.jpeg | shape=(1600, 1200, 3) | faces=1 | upscaled=False
2025-12-22 16:37:13,155 | INFO | [IMG] Alexander_021.jpeg | shape=(372, 173, 3) | faces=1 | upscaled=True
2025-12-22 16:37:13,346 | INFO | [IMG] Alexander_022.jpeg | shape=(868, 463, 3) | faces=0 | upscaled=False
2025-12-22 16:37:13,804 | INFO | [IMG] Alexander_023.jpeg | shape=(1081, 589, 3) | faces=1 | upscaled=False
2025-12-22 16:37:14,226 | INFO | [IMG] Alexander_024.jpeg | shape=(882, 582, 3) | faces=1 | upscaled=False
2025-12-22 16:37:14,721 | INFO | [IMG] Alexander_025.jpeg | shape=(666, 195, 3) | faces=0 | upscaled=True
2025-12-22 16:37:14,721 | WARNING | Faces detected but filtered out
2025-12-22 16:37:14,721 | WARNING | RAW score=0.256 size=(255x423)
2025-12-22 16:37:14,733 | INFO | [PERSON] Ali | images=17
2025-12-22 16:37:15,181 | INFO | [IMG] Ali_001.jpeg | shape=(1600, 900, 3) | faces=1 | upscaled=False
2025-12-22 16:37:15,649 | INFO | [IMG] Ali_002.jpeg | shape=(1600, 900, 3) | faces=1 | upscaled=False
2025-12-22 16:37:16,123 | INFO | [IMG] Ali_003.jpeg | shape=(1600, 1200, 3) | faces=1 | upscaled=False
2025-12-22 16:37:17,147 | INFO | [IMG] Ali_004.jpeg | shape=(1600, 1200, 3) | faces=1 | upscaled=False
2025-12-22 16:37:17,616 | INFO | [IMG] Ali_005.jpeg | shape=(1155, 323, 3) | faces=1 | upscaled=False
2025-12-22 16:37:18,099 | INFO | [IMG] Ali_006.jpeg | shape=(828, 396, 3) | faces=1 | upscaled=False
2025-12-22 16:37:18,577 | INFO | [IMG] Ali_007.jpeg | shape=(1600, 900, 3) | faces=0 | upscaled=False
2025-12-22 16:37:18,577 | WARNING | Faces detected but filtered out
2025-12-22 16:37:18,577 | WARNING | RAW score=0.862 size=(61x90)
2025-12-22 16:37:19,022 | INFO | [IMG] Ali_008.jpeg | shape=(1462, 642, 3) | faces=1 | upscaled=False
2025-12-22 16:37:19,502 | INFO | [IMG] Ali_009.jpeg | shape=(1280, 960, 3) | faces=1 | upscaled=False
2025-12-22 16:37:19,968 | INFO | [IMG] Ali_010.jpeg | shape=(804, 367, 3) | faces=1 | upscaled=False
2025-12-22 16:37:20,478 | INFO | [IMG] Ali_011.jpeg | shape=(960, 1440, 3) | faces=1 | upscaled=False
2025-12-22 16:37:20,928 | INFO | [IMG] Ali_012.jpeg | shape=(2048, 998, 3) | faces=1 | upscaled=False
2025-12-22 16:37:21,374 | INFO | [IMG] Ali_013.jpeg | shape=(1371, 524, 3) | faces=1 | upscaled=False
2025-12-22 16:37:21,863 | INFO | [IMG] Ali_014.jpeg | shape=(1741, 1157, 3) | faces=1 | upscaled=False
2025-12-22 16:37:22,522 | INFO | [IMG] Ali_015.jpeg | shape=(2048, 943, 3) | faces=1 | upscaled=False
2025-12-22 16:37:22,995 | INFO | [IMG] Ali_016.jpeg | shape=(2048, 570, 3) | faces=1 | upscaled=False
2025-12-22 16:37:23,514 | INFO | [IMG] Ali_017.jpeg | shape=(2048, 1536, 3) | faces=1 | upscaled=False
2025-12-22 16:37:23,514 | INFO | [PERSON] Alibek | images=12
2025-12-22 16:37:23,957 | INFO | [IMG] Alibek_001.jpeg | shape=(1280, 591, 3) | faces=1 | upscaled=False
2025-12-22 16:37:24,420 | INFO | [IMG] Alibek_002.jpeg | shape=(1280, 720, 3) | faces=1 | upscaled=False
2025-12-22 16:37:25,418 | INFO | [IMG] Alibek_003.jpeg | shape=(589, 508, 3) | faces=0 | upscaled=False
2025-12-22 16:37:25,418 | WARNING | Faces detected but filtered out
2025-12-22 16:37:25,418 | WARNING | RAW score=0.846 size=(54x68)
2025-12-22 16:37:25,418 | WARNING | RAW score=0.712 size=(8x11)
2025-12-22 16:37:25,418 | WARNING | RAW score=0.428 size=(7x9)
2025-12-22 16:37:25,863 | INFO | [IMG] Alibek_004.jpeg | shape=(1280, 591, 3) | faces=1 | upscaled=False
2025-12-22 16:37:26,374 | INFO | [IMG] Alibek_005.jpeg | shape=(355, 274, 3) | faces=1 | upscaled=False
2025-12-22 16:37:26,826 | INFO | [IMG] Alibek_006.jpeg | shape=(411, 268, 3) | faces=1 | upscaled=False
2025-12-22 16:37:27,327 | INFO | [IMG] Alibek_007.jpeg | shape=(327, 206, 3) | faces=1 | upscaled=True
2025-12-22 16:37:27,774 | INFO | [IMG] Alibek_008.jpeg | shape=(991, 558, 3) | faces=1 | upscaled=False
2025-12-22 16:37:28,264 | INFO | [IMG] Alibek_009.jpeg | shape=(535, 329, 3) | faces=1 | upscaled=False
2025-12-22 16:37:28,748 | INFO | [IMG] Alibek_010.jpeg | shape=(290, 169, 3) | faces=1 | upscaled=True
2025-12-22 16:37:28,943 | INFO | [IMG] Alibek_011.jpeg | shape=(516, 362, 3) | faces=0 | upscaled=False
2025-12-22 16:37:29,443 | INFO | [IMG] Alibek_012.jpeg | shape=(657, 409, 3) | faces=1 | upscaled=False
2025-12-22 16:37:29,444 | INFO | [PERSON] Alyona | images=27
2025-12-22 16:37:29,624 | INFO | [IMG] Alyona_001.jpeg | shape=(894, 529, 3) | faces=0 | upscaled=False
2025-12-22 16:37:30,110 | INFO | [IMG] Alyona_002.jpeg | shape=(855, 608, 3) | faces=1 | upscaled=False
2025-12-22 16:37:30,288 | INFO | [IMG] Alyona_003.jpeg | shape=(500, 377, 3) | faces=0 | upscaled=False
2025-12-22 16:37:30,732 | INFO | [IMG] Alyona_004.jpeg | shape=(858, 432, 3) | faces=1 | upscaled=False
2025-12-22 16:37:31,216 | INFO | [IMG] Alyona_005.jpeg | shape=(766, 358, 3) | faces=1 | upscaled=False
2025-12-22 16:37:31,710 | INFO | [IMG] Alyona_006.jpeg | shape=(666, 410, 3) | faces=0 | upscaled=False
2025-12-22 16:37:31,711 | WARNING | Faces detected but filtered out
2025-12-22 16:37:31,711 | WARNING | RAW score=0.299 size=(218x293)
2025-12-22 16:37:32,170 | INFO | [IMG] Alyona_007.jpeg | shape=(1600, 1200, 3) | faces=1 | upscaled=False
2025-12-22 16:37:32,356 | INFO | [IMG] Alyona_008.jpeg | shape=(960, 863, 3) | faces=0 | upscaled=False
2025-12-22 16:37:32,825 | INFO | [IMG] Alyona_009.jpeg | shape=(1280, 961, 3) | faces=1 | upscaled=False
2025-12-22 16:37:33,277 | INFO | [IMG] Alyona_010.jpeg | shape=(841, 516, 3) | faces=1 | upscaled=False
2025-12-22 16:37:33,717 | INFO | [IMG] Alyona_011.jpeg | shape=(710, 335, 3) | faces=1 | upscaled=False
2025-12-22 16:37:34,171 | INFO | [IMG] Alyona_012.jpeg | shape=(1091, 642, 3) | faces=1 | upscaled=False
2025-12-22 16:37:34,644 | INFO | [IMG] Alyona_013.jpeg | shape=(642, 462, 3) | faces=0 | upscaled=False
2025-12-22 16:37:34,644 | WARNING | Faces detected but filtered out
2025-12-22 16:37:34,645 | WARNING | RAW score=0.336 size=(219x303)
2025-12-22 16:37:35,626 | INFO | [IMG] Alyona_014.jpeg | shape=(821, 738, 3) | faces=1 | upscaled=False
2025-12-22 16:37:36,142 | INFO | [IMG] Alyona_015.jpeg | shape=(1600, 1200, 3) | faces=1 | upscaled=False
2025-12-22 16:37:36,604 | INFO | [IMG] Alyona_016.jpeg | shape=(1280, 960, 3) | faces=1 | upscaled=False
2025-12-22 16:37:37,048 | INFO | [IMG] Alyona_017.jpeg | shape=(960, 734, 3) | faces=1 | upscaled=False
2025-12-22 16:37:37,544 | INFO | [IMG] Alyona_018.jpeg | shape=(1046, 626, 3) | faces=1 | upscaled=False
2025-12-22 16:37:37,985 | INFO | [IMG] Alyona_019.jpeg | shape=(573, 216, 3) | faces=1 | upscaled=True
2025-12-22 16:37:38,443 | INFO | [IMG] Alyona_020.jpeg | shape=(316, 270, 3) | faces=0 | upscaled=False
2025-12-22 16:37:38,443 | WARNING | Faces detected but filtered out
2025-12-22 16:37:38,443 | WARNING | RAW score=0.761 size=(46x60)
2025-12-22 16:37:38,896 | INFO | [IMG] Alyona_021.jpeg | shape=(902, 745, 3) | faces=1 | upscaled=False
2025-12-22 16:37:39,345 | INFO | [IMG] Alyona_022.jpeg | shape=(1200, 1600, 3) | faces=1 | upscaled=False
2025-12-22 16:37:39,804 | INFO | [IMG] Alyona_023.jpeg | shape=(1200, 1600, 3) | faces=1 | upscaled=False
2025-12-22 16:37:40,274 | INFO | [IMG] Alyona_024.jpeg | shape=(1600, 1200, 3) | faces=1 | upscaled=False
2025-12-22 16:37:40,722 | INFO | [IMG] Alyona_025.jpeg | shape=(329, 206, 3) | faces=1 | upscaled=True
2025-12-22 16:37:41,201 | INFO | [IMG] Alyona_026.jpeg | shape=(914, 664, 3) | faces=1 | upscaled=False
2025-12-22 16:37:41,691 | INFO | [IMG] Alyona_027.jpeg | shape=(1600, 1200, 3) | faces=1 | upscaled=False
2025-12-22 16:37:41,691 | INFO | [PERSON] Ana | images=31
2025-12-22 16:37:42,183 | INFO | [IMG] Ana_001.jpeg | shape=(1200, 1599, 3) | faces=1 | upscaled=False
2025-12-22 16:37:42,652 | INFO | [IMG] Ana_002.jpeg | shape=(1599, 1200, 3) | faces=1 | upscaled=False
2025-12-22 16:37:43,142 | INFO | [IMG] Ana_003.jpeg | shape=(1599, 1200, 3) | faces=1 | upscaled=False
2025-12-22 16:37:43,671 | INFO | [IMG] Ana_004.jpeg | shape=(1599, 1200, 3) | faces=1 | upscaled=False
2025-12-22 16:37:44,140 | INFO | [IMG] Ana_005.jpeg | shape=(720, 960, 3) | faces=1 | upscaled=False
2025-12-22 16:37:44,889 | INFO | [IMG] Ana_006.jpeg | shape=(960, 720, 3) | faces=1 | upscaled=False
2025-12-22 16:37:45,389 | INFO | [IMG] Ana_007.jpeg | shape=(432, 373, 3) | faces=0 | upscaled=False
2025-12-22 16:37:45,389 | WARNING | Faces detected but filtered out
2025-12-22 16:37:45,389 | WARNING | RAW score=0.856 size=(44x61)
2025-12-22 16:37:45,864 | INFO | [IMG] Ana_008.jpeg | shape=(960, 720, 3) | faces=1 | upscaled=False
2025-12-22 16:37:46,045 | INFO | [IMG] Ana_009.jpeg | shape=(1280, 960, 3) | faces=0 | upscaled=False
2025-12-22 16:37:46,239 | INFO | [IMG] Ana_010.jpeg | shape=(1280, 960, 3) | faces=0 | upscaled=False
2025-12-22 16:37:46,730 | INFO | [IMG] Ana_011.jpeg | shape=(960, 720, 3) | faces=1 | upscaled=False
2025-12-22 16:37:47,238 | INFO | [IMG] Ana_012.jpeg | shape=(1280, 960, 3) | faces=1 | upscaled=False
2025-12-22 16:37:47,695 | INFO | [IMG] Ana_013.jpeg | shape=(720, 540, 3) | faces=1 | upscaled=False
2025-12-22 16:37:47,888 | INFO | [IMG] Ana_014.jpeg | shape=(1600, 1600, 3) | faces=0 | upscaled=False
2025-12-22 16:37:48,403 | INFO | [IMG] Ana_015.jpeg | shape=(1200, 1600, 3) | faces=1 | upscaled=False
2025-12-22 16:37:48,576 | INFO | [IMG] Ana_016.jpeg | shape=(600, 600, 3) | faces=0 | upscaled=False
2025-12-22 16:37:49,056 | INFO | [IMG] Ana_017.jpeg | shape=(1280, 960, 3) | faces=1 | upscaled=False
2025-12-22 16:37:49,517 | INFO | [IMG] Ana_018.jpeg | shape=(610, 451, 3) | faces=1 | upscaled=False
2025-12-22 16:37:50,222 | INFO | [IMG] Ana_019.jpeg | shape=(426, 428, 3) | faces=0 | upscaled=False
2025-12-22 16:37:50,222 | WARNING | Faces detected but filtered out
2025-12-22 16:37:50,222 | WARNING | RAW score=0.780 size=(51x59)
2025-12-22 16:37:50,222 | WARNING | RAW score=0.287 size=(57x64)
2025-12-22 16:37:50,693 | INFO | [IMG] Ana_020.jpeg | shape=(720, 960, 3) | faces=1 | upscaled=False
2025-12-22 16:37:51,156 | INFO | [IMG] Ana_021.jpeg | shape=(1600, 1074, 3) | faces=1 | upscaled=False
2025-12-22 16:37:51,656 | INFO | [IMG] Ana_022.jpeg | shape=(720, 960, 3) | faces=1 | upscaled=False
2025-12-22 16:37:52,116 | INFO | [IMG] Ana_023.jpeg | shape=(829, 519, 3) | faces=1 | upscaled=False
2025-12-22 16:37:52,583 | INFO | [IMG] Ana_024.jpeg | shape=(1600, 896, 3) | faces=1 | upscaled=False
2025-12-22 16:37:53,045 | INFO | [IMG] Ana_025.jpeg | shape=(509, 440, 3) | faces=0 | upscaled=False
2025-12-22 16:37:53,045 | WARNING | Faces detected but filtered out
2025-12-22 16:37:53,045 | WARNING | RAW score=0.885 size=(50x68)
2025-12-22 16:37:53,231 | INFO | [IMG] Ana_026.jpeg | shape=(1280, 960, 3) | faces=0 | upscaled=False
2025-12-22 16:37:53,706 | INFO | [IMG] Ana_027.jpeg | shape=(1600, 1200, 3) | faces=1 | upscaled=False
2025-12-22 16:37:54,181 | INFO | [IMG] Ana_028.jpeg | shape=(1557, 710, 3) | faces=1 | upscaled=False
2025-12-22 16:37:54,655 | INFO | [IMG] Ana_029.jpeg | shape=(1159, 609, 3) | faces=1 | upscaled=False
2025-12-22 16:37:55,133 | INFO | [IMG] Ana_030.jpeg | shape=(738, 312, 3) | faces=1 | upscaled=False
2025-12-22 16:37:55,303 | INFO | [IMG] Ana_031.jpeg | shape=(263, 203, 3) | faces=0 | upscaled=True
2025-12-22 16:37:55,305 | INFO | [PERSON] Erul | images=17
2025-12-22 16:37:55,794 | INFO | [IMG] Erul_001.jpeg | shape=(667, 321, 3) | faces=1 | upscaled=False
2025-12-22 16:37:56,519 | INFO | [IMG] Erul_002.jpeg | shape=(569, 329, 3) | faces=2 | upscaled=False
2025-12-22 16:37:56,967 | INFO | [IMG] Erul_003.jpeg | shape=(671, 332, 3) | faces=1 | upscaled=False
2025-12-22 16:37:57,414 | INFO | [IMG] Erul_004.jpeg | shape=(683, 437, 3) | faces=1 | upscaled=False
2025-12-22 16:37:57,849 | INFO | [IMG] Erul_005.jpeg | shape=(256, 152, 3) | faces=1 | upscaled=True
2025-12-22 16:37:58,311 | INFO | [IMG] Erul_006.jpeg | shape=(659, 291, 3) | faces=1 | upscaled=False
2025-12-22 16:37:58,772 | INFO | [IMG] Erul_007.jpeg | shape=(1007, 678, 3) | faces=1 | upscaled=False
2025-12-22 16:37:59,240 | INFO | [IMG] Erul_008.jpeg | shape=(834, 616, 3) | faces=1 | upscaled=False
2025-12-22 16:37:59,721 | INFO | [IMG] Erul_009.jpeg | shape=(460, 331, 3) | faces=1 | upscaled=False
2025-12-22 16:38:00,233 | INFO | [IMG] Erul_010.jpeg | shape=(1007, 416, 3) | faces=1 | upscaled=False
2025-12-22 16:38:00,692 | INFO | [IMG] Erul_011.jpeg | shape=(654, 435, 3) | faces=1 | upscaled=False
2025-12-22 16:38:01,194 | INFO | [IMG] Erul_012.jpeg | shape=(1600, 1200, 3) | faces=1 | upscaled=False
2025-12-22 16:38:01,665 | INFO | [IMG] Erul_013.jpeg | shape=(712, 289, 3) | faces=1 | upscaled=False
2025-12-22 16:38:02,127 | INFO | [IMG] Erul_014.jpeg | shape=(960, 478, 3) | faces=1 | upscaled=False
2025-12-22 16:38:03,122 | INFO | [IMG] Erul_015.jpeg | shape=(672, 657, 3) | faces=1 | upscaled=False
2025-12-22 16:38:03,611 | INFO | [IMG] Erul_016.jpeg | shape=(1032, 464, 3) | faces=1 | upscaled=False
2025-12-22 16:38:04,069 | INFO | [IMG] Erul_017.jpeg | shape=(929, 502, 3) | faces=1 | upscaled=False
2025-12-22 16:38:04,070 | INFO | [PERSON] Keti | images=43
2025-12-22 16:38:04,538 | INFO | [IMG] Keti_001.jpeg | shape=(1280, 960, 3) | faces=1 | upscaled=False
2025-12-22 16:38:04,725 | INFO | [IMG] Keti_002.jpeg | shape=(1599, 1200, 3) | faces=0 | upscaled=False
2025-12-22 16:38:05,196 | INFO | [IMG] Keti_003.jpeg | shape=(1280, 960, 3) | faces=1 | upscaled=False
2025-12-22 16:38:05,674 | INFO | [IMG] Keti_004.jpeg | shape=(1600, 1200, 3) | faces=1 | upscaled=False
2025-12-22 16:38:06,125 | INFO | [IMG] Keti_005.jpeg | shape=(1280, 960, 3) | faces=1 | upscaled=False
2025-12-22 16:38:06,655 | INFO | [IMG] Keti_006.jpeg | shape=(1280, 960, 3) | faces=1 | upscaled=False
2025-12-22 16:38:07,637 | INFO | [IMG] Keti_007.jpeg | shape=(1024, 768, 3) | faces=1 | upscaled=False
2025-12-22 16:38:08,108 | INFO | [IMG] Keti_008.jpeg | shape=(1280, 960, 3) | faces=1 | upscaled=False
2025-12-22 16:38:10,863 | INFO | [IMG] Keti_009.jpeg | shape=(1600, 1200, 3) | faces=1 | upscaled=False
2025-12-22 16:38:11,316 | INFO | [IMG] Keti_010.jpeg | shape=(1280, 960, 3) | faces=0 | upscaled=False
2025-12-22 16:38:11,316 | WARNING | Faces detected but filtered out
2025-12-22 16:38:11,316 | WARNING | RAW score=0.290 size=(409x584)
2025-12-22 16:38:11,781 | INFO | [IMG] Keti_011.jpeg | shape=(1280, 960, 3) | faces=1 | upscaled=False
2025-12-22 16:38:12,561 | INFO | [IMG] Keti_012.jpeg | shape=(1200, 1600, 3) | faces=1 | upscaled=False
2025-12-22 16:38:13,042 | INFO | [IMG] Keti_013.jpeg | shape=(1280, 960, 3) | faces=1 | upscaled=False
2025-12-22 16:38:13,229 | INFO | [IMG] Keti_014.jpeg | shape=(1280, 960, 3) | faces=0 | upscaled=False
2025-12-22 16:38:13,706 | INFO | [IMG] Keti_015.jpeg | shape=(1280, 960, 3) | faces=1 | upscaled=False
2025-12-22 16:38:14,176 | INFO | [IMG] Keti_016.jpeg | shape=(1280, 960, 3) | faces=1 | upscaled=False
2025-12-22 16:38:14,621 | INFO | [IMG] Keti_017.jpeg | shape=(1280, 960, 3) | faces=1 | upscaled=False
2025-12-22 16:38:15,083 | INFO | [IMG] Keti_018.jpeg | shape=(1280, 960, 3) | faces=1 | upscaled=False
2025-12-22 16:38:15,592 | INFO | [IMG] Keti_019.jpeg | shape=(1280, 960, 3) | faces=1 | upscaled=False
2025-12-22 16:38:16,060 | INFO | [IMG] Keti_020.jpeg | shape=(1280, 960, 3) | faces=1 | upscaled=False
2025-12-22 16:38:16,240 | INFO | [IMG] Keti_021.jpeg | shape=(923, 946, 3) | faces=0 | upscaled=False
2025-12-22 16:38:16,419 | INFO | [IMG] Keti_022.jpeg | shape=(600, 600, 3) | faces=0 | upscaled=False
2025-12-22 16:38:16,907 | INFO | [IMG] Keti_023.jpeg | shape=(1600, 1200, 3) | faces=1 | upscaled=False
2025-12-22 16:38:17,364 | INFO | [IMG] Keti_024.jpeg | shape=(1600, 1200, 3) | faces=1 | upscaled=False
2025-12-22 16:38:17,819 | INFO | [IMG] Keti_025.jpeg | shape=(1600, 1200, 3) | faces=1 | upscaled=False
2025-12-22 16:38:18,306 | INFO | [IMG] Keti_026.jpeg | shape=(1200, 1600, 3) | faces=1 | upscaled=False
2025-12-22 16:38:18,767 | INFO | [IMG] Keti_027.jpeg | shape=(1600, 1200, 3) | faces=1 | upscaled=False
2025-12-22 16:38:19,229 | INFO | [IMG] Keti_028.jpeg | shape=(1600, 1200, 3) | faces=1 | upscaled=False
2025-12-22 16:38:19,723 | INFO | [IMG] Keti_029.jpeg | shape=(1280, 960, 3) | faces=1 | upscaled=False
2025-12-22 16:38:20,774 | INFO | [IMG] Keti_030.jpeg | shape=(1600, 1200, 3) | faces=1 | upscaled=False
2025-12-22 16:38:20,954 | INFO | [IMG] Keti_031.jpeg | shape=(1280, 960, 3) | faces=0 | upscaled=False
2025-12-22 16:38:21,436 | INFO | [IMG] Keti_032.jpeg | shape=(1200, 1600, 3) | faces=1 | upscaled=False
2025-12-22 16:38:21,915 | INFO | [IMG] Keti_033.jpeg | shape=(1280, 960, 3) | faces=1 | upscaled=False
2025-12-22 16:38:22,920 | INFO | [IMG] Keti_034.jpeg | shape=(1600, 1200, 3) | faces=1 | upscaled=False
2025-12-22 16:38:23,373 | INFO | [IMG] Keti_035.jpeg | shape=(1599, 1200, 3) | faces=1 | upscaled=False
2025-12-22 16:38:23,862 | INFO | [IMG] Keti_036.jpeg | shape=(1280, 960, 3) | faces=1 | upscaled=False
2025-12-22 16:38:25,102 | INFO | [IMG] Keti_037.jpeg | shape=(1600, 1200, 3) | faces=1 | upscaled=False
2025-12-22 16:38:25,823 | INFO | [IMG] Keti_038.jpeg | shape=(1200, 1600, 3) | faces=1 | upscaled=False
2025-12-22 16:38:26,867 | INFO | [IMG] Keti_039.jpeg | shape=(1600, 1019, 3) | faces=1 | upscaled=False
2025-12-22 16:38:29,452 | INFO | [IMG] Keti_040.jpeg | shape=(1600, 1200, 3) | faces=0 | upscaled=False
2025-12-22 16:38:29,452 | WARNING | Faces detected but filtered out
2025-12-22 16:38:29,452 | WARNING | RAW score=0.892 size=(41x62)
2025-12-22 16:38:29,452 | WARNING | RAW score=0.661 size=(13x18)
2025-12-22 16:38:29,452 | WARNING | RAW score=0.573 size=(13x16)
2025-12-22 16:38:29,452 | WARNING | RAW score=0.439 size=(12x14)
2025-12-22 16:38:29,452 | WARNING | RAW score=0.396 size=(10x15)
2025-12-22 16:38:29,452 | WARNING | RAW score=0.360 size=(9x11)
2025-12-22 16:38:29,452 | WARNING | RAW score=0.326 size=(8x10)
2025-12-22 16:38:29,452 | WARNING | RAW score=0.321 size=(12x14)
2025-12-22 16:38:29,464 | WARNING | RAW score=0.319 size=(21x25)
2025-12-22 16:38:29,916 | INFO | [IMG] Keti_041.jpeg | shape=(1200, 1600, 3) | faces=1 | upscaled=False
2025-12-22 16:38:30,381 | INFO | [IMG] Keti_042.jpeg | shape=(1600, 1200, 3) | faces=1 | upscaled=False
2025-12-22 16:38:30,560 | INFO | [IMG] Keti_043.jpeg | shape=(1280, 960, 3) | faces=0 | upscaled=False
2025-12-22 16:38:30,560 | INFO | [PERSON] Kozaiym | images=18
2025-12-22 16:38:31,310 | INFO | [IMG] Kozaiym_001.jpeg | shape=(1600, 900, 3) | faces=1 | upscaled=False
2025-12-22 16:38:31,803 | INFO | [IMG] Kozaiym_002.jpeg | shape=(1600, 1200, 3) | faces=1 | upscaled=False
2025-12-22 16:38:32,548 | INFO | [IMG] Kozaiym_003.jpeg | shape=(900, 1600, 3) | faces=1 | upscaled=False
2025-12-22 16:38:33,553 | INFO | [IMG] Kozaiym_004.jpeg | shape=(1600, 1200, 3) | faces=2 | upscaled=False
2025-12-22 16:38:34,031 | INFO | [IMG] Kozaiym_005.jpeg | shape=(1280, 720, 3) | faces=1 | upscaled=False
2025-12-22 16:38:34,498 | INFO | [IMG] Kozaiym_006.jpeg | shape=(1280, 591, 3) | faces=1 | upscaled=False
2025-12-22 16:38:34,950 | INFO | [IMG] Kozaiym_007.jpeg | shape=(1280, 960, 3) | faces=1 | upscaled=False
2025-12-22 16:38:35,451 | INFO | [IMG] Kozaiym_008.jpeg | shape=(1280, 960, 3) | faces=1 | upscaled=False
2025-12-22 16:38:35,629 | INFO | [IMG] Kozaiym_009.jpeg | shape=(1280, 960, 3) | faces=0 | upscaled=False
2025-12-22 16:38:36,092 | INFO | [IMG] Kozaiym_010.jpeg | shape=(1600, 1200, 3) | faces=1 | upscaled=False
2025-12-22 16:38:36,583 | INFO | [IMG] Kozaiym_011.jpeg | shape=(1600, 1200, 3) | faces=1 | upscaled=False
2025-12-22 16:38:37,045 | INFO | [IMG] Kozaiym_012.jpeg | shape=(1280, 960, 3) | faces=1 | upscaled=False
2025-12-22 16:38:37,525 | INFO | [IMG] Kozaiym_013.jpeg | shape=(1600, 738, 3) | faces=1 | upscaled=False
2025-12-22 16:38:43,475 | INFO | [IMG] Kozaiym_014.jpeg | shape=(1600, 738, 3) | faces=1 | upscaled=False
2025-12-22 16:38:43,978 | INFO | [IMG] Kozaiym_015.jpeg | shape=(1600, 1200, 3) | faces=1 | upscaled=False
2025-12-22 16:38:44,704 | INFO | [IMG] Kozaiym_016.jpeg | shape=(1600, 1200, 3) | faces=2 | upscaled=False
2025-12-22 16:38:45,873 | INFO | [IMG] Kozaiym_017.jpeg | shape=(1600, 1200, 3) | faces=1 | upscaled=False
2025-12-22 16:38:46,330 | INFO | [IMG] Kozaiym_018.jpeg | shape=(1280, 720, 3) | faces=1 | upscaled=False
2025-12-22 16:38:46,330 | INFO | [PERSON] Lyazzat | images=14
2025-12-22 16:38:46,800 | INFO | [IMG] Lyazzat_001.jpeg | shape=(534, 255, 3) | faces=1 | upscaled=True
2025-12-22 16:38:46,973 | INFO | [IMG] Lyazzat_002.jpeg | shape=(836, 463, 3) | faces=0 | upscaled=False
2025-12-22 16:38:47,435 | INFO | [IMG] Lyazzat_003.jpeg | shape=(1186, 548, 3) | faces=1 | upscaled=False
2025-12-22 16:38:47,849 | INFO | [IMG] Lyazzat_004.jpeg | shape=(376, 234, 3) | faces=1 | upscaled=True
2025-12-22 16:38:48,331 | INFO | [IMG] Lyazzat_005.jpeg | shape=(1187, 757, 3) | faces=1 | upscaled=False
2025-12-22 16:38:48,769 | INFO | [IMG] Lyazzat_006.jpeg | shape=(954, 486, 3) | faces=1 | upscaled=False
2025-12-22 16:38:49,235 | INFO | [IMG] Lyazzat_007.jpeg | shape=(1156, 651, 3) | faces=1 | upscaled=False
2025-12-22 16:38:49,712 | INFO | [IMG] Lyazzat_008.jpeg | shape=(803, 540, 3) | faces=1 | upscaled=False
2025-12-22 16:38:50,186 | INFO | [IMG] Lyazzat_009.jpeg | shape=(389, 289, 3) | faces=1 | upscaled=False
2025-12-22 16:38:52,040 | INFO | [IMG] Lyazzat_010.jpeg | shape=(621, 548, 3) | faces=1 | upscaled=False
2025-12-22 16:38:52,475 | INFO | [IMG] Lyazzat_011.jpeg | shape=(557, 320, 3) | faces=1 | upscaled=False
2025-12-22 16:38:52,931 | INFO | [IMG] Lyazzat_012.jpeg | shape=(432, 287, 3) | faces=1 | upscaled=False
2025-12-22 16:38:53,627 | INFO | [IMG] Lyazzat_013.jpeg | shape=(424, 247, 3) | faces=1 | upscaled=True
2025-12-22 16:38:54,101 | INFO | [IMG] Lyazzat_014.jpeg | shape=(791, 537, 3) | faces=1 | upscaled=False
2025-12-22 16:38:54,101 | INFO | [PERSON] Mateja | images=18
2025-12-22 16:38:54,290 | INFO | [IMG] Mateja_001.jpeg | shape=(1600, 1200, 3) | faces=0 | upscaled=False
2025-12-22 16:38:54,780 | INFO | [IMG] Mateja_002.jpeg | shape=(1600, 1200, 3) | faces=1 | upscaled=False
2025-12-22 16:38:54,964 | INFO | [IMG] Mateja_003.jpeg | shape=(1600, 1200, 3) | faces=0 | upscaled=False
2025-12-22 16:38:55,164 | INFO | [IMG] Mateja_004.jpeg | shape=(1600, 1200, 3) | faces=0 | upscaled=False
2025-12-22 16:38:55,370 | INFO | [IMG] Mateja_005.jpeg | shape=(1600, 1200, 3) | faces=0 | upscaled=False
2025-12-22 16:38:55,561 | INFO | [IMG] Mateja_006.jpeg | shape=(1600, 1200, 3) | faces=0 | upscaled=False
2025-12-22 16:38:55,779 | INFO | [IMG] Mateja_007.jpeg | shape=(1600, 1200, 3) | faces=0 | upscaled=False
2025-12-22 16:38:56,000 | INFO | [IMG] Mateja_008.jpeg | shape=(1600, 1200, 3) | faces=0 | upscaled=False
2025-12-22 16:38:56,205 | INFO | [IMG] Mateja_009.jpeg | shape=(1600, 1200, 3) | faces=0 | upscaled=False
2025-12-22 16:38:56,678 | INFO | [IMG] Mateja_010.jpeg | shape=(1600, 1200, 3) | faces=1 | upscaled=False
2025-12-22 16:38:56,862 | INFO | [IMG] Mateja_011.jpeg | shape=(1600, 1200, 3) | faces=0 | upscaled=False
2025-12-22 16:38:57,343 | INFO | [IMG] Mateja_012.jpeg | shape=(1600, 1200, 3) | faces=0 | upscaled=False
2025-12-22 16:38:57,343 | WARNING | Faces detected but filtered out
2025-12-22 16:38:57,343 | WARNING | RAW score=0.331 size=(563x736)
2025-12-22 16:38:57,530 | INFO | [IMG] Mateja_013.jpeg | shape=(1600, 1200, 3) | faces=0 | upscaled=False
2025-12-22 16:38:58,030 | INFO | [IMG] Mateja_014.jpeg | shape=(1600, 1200, 3) | faces=1 | upscaled=False
2025-12-22 16:38:58,513 | INFO | [IMG] Mateja_015.jpeg | shape=(1600, 1200, 3) | faces=1 | upscaled=False
2025-12-22 16:38:58,705 | INFO | [IMG] Mateja_016.jpeg | shape=(1600, 1200, 3) | faces=0 | upscaled=False
2025-12-22 16:38:58,942 | INFO | [IMG] Mateja_017.jpeg | shape=(1600, 1200, 3) | faces=0 | upscaled=False
2025-12-22 16:38:59,455 | INFO | [IMG] Mateja_018.jpeg | shape=(1600, 1200, 3) | faces=1 | upscaled=False
2025-12-22 16:38:59,455 | INFO | [PERSON] Medet | images=12
2025-12-22 16:38:59,935 | INFO | [IMG] Medet_001.jpeg | shape=(305, 207, 3) | faces=1 | upscaled=True
2025-12-22 16:39:00,404 | INFO | [IMG] Medet_002.jpeg | shape=(739, 466, 3) | faces=1 | upscaled=False
2025-12-22 16:39:00,887 | INFO | [IMG] Medet_003.jpeg | shape=(425, 189, 3) | faces=1 | upscaled=True
2025-12-22 16:39:01,346 | INFO | [IMG] Medet_004.jpeg | shape=(534, 228, 3) | faces=1 | upscaled=True
2025-12-22 16:39:01,829 | INFO | [IMG] Medet_005.jpeg | shape=(693, 388, 3) | faces=1 | upscaled=False
2025-12-22 16:39:02,013 | INFO | [IMG] Medet_006.jpeg | shape=(809, 564, 3) | faces=0 | upscaled=False
2025-12-22 16:39:02,482 | INFO | [IMG] Medet_007.jpeg | shape=(477, 240, 3) | faces=1 | upscaled=True
2025-12-22 16:39:02,920 | INFO | [IMG] Medet_008.jpeg | shape=(970, 569, 3) | faces=1 | upscaled=False
2025-12-22 16:39:03,385 | INFO | [IMG] Medet_009.jpeg | shape=(288, 248, 3) | faces=1 | upscaled=True
2025-12-22 16:39:03,864 | INFO | [IMG] Medet_010.jpeg | shape=(599, 863, 3) | faces=1 | upscaled=False
2025-12-22 16:39:04,343 | INFO | [IMG] Medet_011.jpeg | shape=(1208, 565, 3) | faces=1 | upscaled=False
2025-12-22 16:39:04,791 | INFO | [IMG] Medet_012.jpeg | shape=(1280, 720, 3) | faces=1 | upscaled=False
2025-12-22 16:39:04,793 | INFO | [PERSON] Mom | images=25
2025-12-22 16:39:05,268 | INFO | [IMG] Mom_001.jpeg | shape=(323, 269, 3) | faces=0 | upscaled=False
2025-12-22 16:39:05,268 | WARNING | Faces detected but filtered out
2025-12-22 16:39:05,269 | WARNING | RAW score=0.739 size=(57x68)
2025-12-22 16:39:05,716 | INFO | [IMG] Mom_002.jpeg | shape=(309, 322, 3) | faces=1 | upscaled=False
2025-12-22 16:39:06,420 | INFO | [IMG] Mom_003.jpeg | shape=(1024, 488, 3) | faces=1 | upscaled=False
2025-12-22 16:39:07,389 | INFO | [IMG] Mom_004.jpeg | shape=(505, 495, 3) | faces=1 | upscaled=False
2025-12-22 16:39:08,116 | INFO | [IMG] Mom_005.jpeg | shape=(1200, 809, 3) | faces=1 | upscaled=False
2025-12-22 16:39:08,896 | INFO | [IMG] Mom_006.jpeg | shape=(800, 769, 3) | faces=2 | upscaled=False
2025-12-22 16:39:09,330 | INFO | [IMG] Mom_007.jpeg | shape=(1600, 1200, 3) | faces=1 | upscaled=False
2025-12-22 16:39:09,764 | INFO | [IMG] Mom_008.jpeg | shape=(457, 271, 3) | faces=1 | upscaled=False
2025-12-22 16:39:10,233 | INFO | [IMG] Mom_009.jpeg | shape=(938, 765, 3) | faces=1 | upscaled=False
2025-12-22 16:39:10,703 | INFO | [IMG] Mom_010.jpeg | shape=(867, 1200, 3) | faces=1 | upscaled=False
2025-12-22 16:39:11,155 | INFO | [IMG] Mom_011.jpeg | shape=(1600, 1200, 3) | faces=1 | upscaled=False
2025-12-22 16:39:11,624 | INFO | [IMG] Mom_012.jpeg | shape=(1600, 1200, 3) | faces=0 | upscaled=False
2025-12-22 16:39:11,624 | WARNING | Faces detected but filtered out
2025-12-22 16:39:11,624 | WARNING | RAW score=0.253 size=(524x720)
2025-12-22 16:39:12,094 | INFO | [IMG] Mom_013.jpeg | shape=(781, 651, 3) | faces=1 | upscaled=False
2025-12-22 16:39:12,566 | INFO | [IMG] Mom_014.jpeg | shape=(1600, 1200, 3) | faces=1 | upscaled=False
2025-12-22 16:39:12,718 | INFO | [IMG] Mom_015.jpeg | shape=(788, 686, 3) | faces=0 | upscaled=False
2025-12-22 16:39:13,196 | INFO | [IMG] Mom_016.jpeg | shape=(1600, 1200, 3) | faces=1 | upscaled=False
2025-12-22 16:39:13,899 | INFO | [IMG] Mom_017.jpeg | shape=(435, 346, 3) | faces=0 | upscaled=False
2025-12-22 16:39:13,899 | WARNING | Faces detected but filtered out
2025-12-22 16:39:13,900 | WARNING | RAW score=0.725 size=(59x75)
2025-12-22 16:39:13,900 | WARNING | RAW score=0.260 size=(47x66)
2025-12-22 16:39:16,489 | INFO | [IMG] Mom_018.jpeg | shape=(715, 717, 3) | faces=1 | upscaled=False
2025-12-22 16:39:16,908 | INFO | [IMG] Mom_019.jpeg | shape=(1280, 720, 3) | faces=1 | upscaled=False
2025-12-22 16:39:17,373 | INFO | [IMG] Mom_020.jpeg | shape=(726, 525, 3) | faces=1 | upscaled=False
2025-12-22 16:39:17,850 | INFO | [IMG] Mom_021.jpeg | shape=(1280, 960, 3) | faces=1 | upscaled=False
2025-12-22 16:39:18,288 | INFO | [IMG] Mom_022.jpeg | shape=(278, 171, 3) | faces=1 | upscaled=True
2025-12-22 16:39:19,228 | INFO | [IMG] Mom_023.jpeg | shape=(429, 298, 3) | faces=1 | upscaled=False
2025-12-22 16:39:19,670 | INFO | [IMG] Mom_024.jpeg | shape=(441, 272, 3) | faces=1 | upscaled=False
2025-12-22 16:39:20,384 | INFO | [IMG] Mom_025.jpeg | shape=(1280, 960, 3) | faces=1 | upscaled=False
2025-12-22 16:39:20,385 | INFO | [PERSON] Muazzam | images=15
2025-12-22 16:39:20,884 | INFO | [IMG] Muazzam_001.jpeg | shape=(1280, 960, 3) | faces=1 | upscaled=False
2025-12-22 16:39:21,400 | INFO | [IMG] Muazzam_002.jpeg | shape=(1600, 1200, 3) | faces=1 | upscaled=False
2025-12-22 16:39:21,857 | INFO | [IMG] Muazzam_003.jpeg | shape=(1280, 960, 3) | faces=1 | upscaled=False
2025-12-22 16:39:22,333 | INFO | [IMG] Muazzam_004.jpeg | shape=(1333, 710, 3) | faces=1 | upscaled=False
2025-12-22 16:39:22,804 | INFO | [IMG] Muazzam_005.jpeg | shape=(1280, 960, 3) | faces=1 | upscaled=False
2025-12-22 16:39:23,274 | INFO | [IMG] Muazzam_006.jpeg | shape=(1490, 710, 3) | faces=1 | upscaled=False
2025-12-22 16:39:23,727 | INFO | [IMG] Muazzam_007.jpeg | shape=(1280, 960, 3) | faces=1 | upscaled=False
2025-12-22 16:39:24,217 | INFO | [IMG] Muazzam_008.jpeg | shape=(1280, 960, 3) | faces=1 | upscaled=False
2025-12-22 16:39:24,678 | INFO | [IMG] Muazzam_009.jpeg | shape=(1280, 960, 3) | faces=1 | upscaled=False
2025-12-22 16:39:25,160 | INFO | [IMG] Muazzam_010.jpeg | shape=(1280, 960, 3) | faces=1 | upscaled=False
2025-12-22 16:39:25,682 | INFO | [IMG] Muazzam_011.jpeg | shape=(1280, 960, 3) | faces=1 | upscaled=False
2025-12-22 16:39:27,498 | INFO | [IMG] Muazzam_012.jpeg | shape=(1094, 706, 3) | faces=1 | upscaled=False
2025-12-22 16:39:27,978 | INFO | [IMG] Muazzam_013.jpeg | shape=(1280, 960, 3) | faces=1 | upscaled=False
2025-12-22 16:39:28,458 | INFO | [IMG] Muazzam_014.jpeg | shape=(1280, 960, 3) | faces=1 | upscaled=False
2025-12-22 16:39:28,936 | INFO | [IMG] Muazzam_015.jpeg | shape=(1280, 960, 3) | faces=1 | upscaled=False
2025-12-22 16:39:28,936 | INFO | [PERSON] Nik | images=16
2025-12-22 16:39:29,401 | INFO | [IMG] Nik_001.jpeg | shape=(1280, 960, 3) | faces=1 | upscaled=False
2025-12-22 16:39:29,826 | INFO | [IMG] Nik_002.jpeg | shape=(1280, 960, 3) | faces=1 | upscaled=False
2025-12-22 16:39:30,296 | INFO | [IMG] Nik_003.jpeg | shape=(1280, 960, 3) | faces=1 | upscaled=False
2025-12-22 16:39:30,744 | INFO | [IMG] Nik_004.jpeg | shape=(1280, 960, 3) | faces=1 | upscaled=False
2025-12-22 16:39:30,937 | INFO | [IMG] Nik_005.jpeg | shape=(1280, 960, 3) | faces=0 | upscaled=False
2025-12-22 16:39:31,484 | INFO | [IMG] Nik_006.jpeg | shape=(1280, 960, 3) | faces=1 | upscaled=False
2025-12-22 16:39:31,969 | INFO | [IMG] Nik_007.jpeg | shape=(1280, 960, 3) | faces=1 | upscaled=False
2025-12-22 16:39:32,427 | INFO | [IMG] Nik_008.jpeg | shape=(1280, 960, 3) | faces=1 | upscaled=False
2025-12-22 16:39:32,893 | INFO | [IMG] Nik_009.jpeg | shape=(1173, 925, 3) | faces=1 | upscaled=False
2025-12-22 16:39:33,371 | INFO | [IMG] Nik_010.jpeg | shape=(1500, 2000, 3) | faces=1 | upscaled=False
2025-12-22 16:39:33,850 | INFO | [IMG] Nik_011.jpeg | shape=(1440, 1440, 3) | faces=1 | upscaled=False
2025-12-22 16:39:34,350 | INFO | [IMG] Nik_012.jpeg | shape=(1230, 936, 3) | faces=1 | upscaled=False
2025-12-22 16:39:34,515 | INFO | [IMG] Nik_013.jpeg | shape=(462, 302, 3) | faces=0 | upscaled=False
2025-12-22 16:39:35,165 | INFO | [IMG] Nik_014.jpeg | shape=(394, 266, 3) | faces=0 | upscaled=False
2025-12-22 16:39:35,166 | WARNING | Faces detected but filtered out
2025-12-22 16:39:35,166 | WARNING | RAW score=0.780 size=(18x24)
2025-12-22 16:39:35,166 | WARNING | RAW score=0.750 size=(26x33)
2025-12-22 16:39:35,343 | INFO | [IMG] Nik_015.jpeg | shape=(1652, 1350, 3) | faces=0 | upscaled=False
2025-12-22 16:39:36,364 | INFO | [IMG] Nik_016.jpeg | shape=(402, 352, 3) | faces=0 | upscaled=False
2025-12-22 16:39:36,364 | WARNING | Faces detected but filtered out
2025-12-22 16:39:36,364 | WARNING | RAW score=0.614 size=(20x41)
2025-12-22 16:39:36,364 | WARNING | RAW score=0.272 size=(12x22)
2025-12-22 16:39:36,364 | WARNING | RAW score=0.270 size=(140x178)
2025-12-22 16:39:36,364 | INFO | [PERSON] Oglan | images=21
2025-12-22 16:39:36,851 | INFO | [IMG] Oglan_001.jpeg | shape=(1600, 900, 3) | faces=1 | upscaled=False
2025-12-22 16:39:37,326 | INFO | [IMG] Oglan_002.jpeg | shape=(469, 336, 3) | faces=1 | upscaled=False
2025-12-22 16:39:37,835 | INFO | [IMG] Oglan_003.jpeg | shape=(631, 373, 3) | faces=1 | upscaled=False
2025-12-22 16:39:38,322 | INFO | [IMG] Oglan_004.jpeg | shape=(326, 227, 3) | faces=0 | upscaled=True
2025-12-22 16:39:38,322 | WARNING | Faces detected but filtered out
2025-12-22 16:39:38,322 | WARNING | RAW score=0.721 size=(59x71)
2025-12-22 16:39:38,776 | INFO | [IMG] Oglan_005.jpeg | shape=(954, 509, 3) | faces=1 | upscaled=False
2025-12-22 16:39:39,194 | INFO | [IMG] Oglan_006.jpeg | shape=(450, 251, 3) | faces=1 | upscaled=True
2025-12-22 16:39:39,655 | INFO | [IMG] Oglan_007.jpeg | shape=(929, 536, 3) | faces=1 | upscaled=False
2025-12-22 16:39:40,384 | INFO | [IMG] Oglan_008.jpeg | shape=(1600, 1200, 3) | faces=2 | upscaled=False
2025-12-22 16:39:40,897 | INFO | [IMG] Oglan_009.jpeg | shape=(1600, 1200, 3) | faces=1 | upscaled=False
2025-12-22 16:39:41,364 | INFO | [IMG] Oglan_010.jpeg | shape=(690, 404, 3) | faces=1 | upscaled=False
2025-12-22 16:39:41,819 | INFO | [IMG] Oglan_011.jpeg | shape=(630, 400, 3) | faces=1 | upscaled=False
2025-12-22 16:39:42,257 | INFO | [IMG] Oglan_012.jpeg | shape=(599, 408, 3) | faces=1 | upscaled=False
2025-12-22 16:39:42,770 | INFO | [IMG] Oglan_013.jpeg | shape=(1032, 464, 3) | faces=1 | upscaled=False
2025-12-22 16:39:43,259 | INFO | [IMG] Oglan_014.jpeg | shape=(913, 367, 3) | faces=1 | upscaled=False
2025-12-22 16:39:43,775 | INFO | [IMG] Oglan_015.jpeg | shape=(957, 609, 3) | faces=1 | upscaled=False
2025-12-22 16:39:44,238 | INFO | [IMG] Oglan_016.jpeg | shape=(441, 246, 3) | faces=1 | upscaled=True
2025-12-22 16:39:44,702 | INFO | [IMG] Oglan_017.jpeg | shape=(1280, 720, 3) | faces=1 | upscaled=False
2025-12-22 16:39:45,175 | INFO | [IMG] Oglan_018.jpeg | shape=(1280, 721, 3) | faces=1 | upscaled=False
2025-12-22 16:39:45,623 | INFO | [IMG] Oglan_019.jpeg | shape=(1280, 720, 3) | faces=1 | upscaled=False
2025-12-22 16:39:46,345 | INFO | [IMG] Oglan_020.jpeg | shape=(780, 860, 3) | faces=2 | upscaled=False
2025-12-22 16:39:46,827 | INFO | [IMG] Oglan_021.jpeg | shape=(1280, 720, 3) | faces=1 | upscaled=False
2025-12-22 16:39:46,827 | INFO | [PERSON] Raiyana | images=37
2025-12-22 16:39:47,304 | INFO | [IMG] Raiyana_001.jpeg | shape=(1032, 774, 3) | faces=1 | upscaled=False
2025-12-22 16:39:47,829 | INFO | [IMG] Raiyana_002.jpeg | shape=(909, 420, 3) | faces=1 | upscaled=False
2025-12-22 16:39:48,268 | INFO | [IMG] Raiyana_003.jpeg | shape=(418, 320, 3) | faces=1 | upscaled=False
2025-12-22 16:39:49,514 | INFO | [IMG] Raiyana_004.jpeg | shape=(1280, 960, 3) | faces=1 | upscaled=False
2025-12-22 16:39:50,225 | INFO | [IMG] Raiyana_005.jpeg | shape=(1280, 960, 3) | faces=1 | upscaled=False
2025-12-22 16:39:50,698 | INFO | [IMG] Raiyana_006.jpeg | shape=(771, 361, 3) | faces=1 | upscaled=False
2025-12-22 16:39:51,185 | INFO | [IMG] Raiyana_007.jpeg | shape=(1280, 960, 3) | faces=1 | upscaled=False
2025-12-22 16:39:51,645 | INFO | [IMG] Raiyana_008.jpeg | shape=(390, 390, 3) | faces=1 | upscaled=False
2025-12-22 16:39:52,106 | INFO | [IMG] Raiyana_009.jpeg | shape=(1280, 960, 3) | faces=1 | upscaled=False
2025-12-22 16:39:52,569 | INFO | [IMG] Raiyana_010.jpeg | shape=(591, 228, 3) | faces=1 | upscaled=True
2025-12-22 16:39:53,026 | INFO | [IMG] Raiyana_011.jpeg | shape=(1280, 960, 3) | faces=1 | upscaled=False
2025-12-22 16:39:53,491 | INFO | [IMG] Raiyana_012.jpeg | shape=(1600, 1200, 3) | faces=1 | upscaled=False
2025-12-22 16:39:53,941 | INFO | [IMG] Raiyana_013.jpeg | shape=(1029, 888, 3) | faces=1 | upscaled=False
2025-12-22 16:39:54,418 | INFO | [IMG] Raiyana_014.jpeg | shape=(1600, 1200, 3) | faces=1 | upscaled=False
2025-12-22 16:39:54,889 | INFO | [IMG] Raiyana_015.jpeg | shape=(1600, 1200, 3) | faces=1 | upscaled=False
2025-12-22 16:39:55,379 | INFO | [IMG] Raiyana_016.jpeg | shape=(888, 669, 3) | faces=1 | upscaled=False
2025-12-22 16:39:55,835 | INFO | [IMG] Raiyana_017.jpeg | shape=(949, 753, 3) | faces=1 | upscaled=False
2025-12-22 16:39:56,305 | INFO | [IMG] Raiyana_018.jpeg | shape=(632, 441, 3) | faces=1 | upscaled=False
2025-12-22 16:39:56,497 | INFO | [IMG] Raiyana_019.jpeg | shape=(1325, 1200, 3) | faces=0 | upscaled=False
2025-12-22 16:39:57,184 | INFO | [IMG] Raiyana_020.jpeg | shape=(389, 165, 3) | faces=1 | upscaled=True
2025-12-22 16:39:57,683 | INFO | [IMG] Raiyana_021.jpeg | shape=(397, 233, 3) | faces=1 | upscaled=True
2025-12-22 16:39:58,392 | INFO | [IMG] Raiyana_022.jpeg | shape=(1600, 1200, 3) | faces=1 | upscaled=False
2025-12-22 16:39:58,918 | INFO | [IMG] Raiyana_023.jpeg | shape=(1600, 1200, 3) | faces=1 | upscaled=False
2025-12-22 16:39:59,376 | INFO | [IMG] Raiyana_024.jpeg | shape=(1600, 1200, 3) | faces=1 | upscaled=False
2025-12-22 16:40:00,107 | INFO | [IMG] Raiyana_025.jpeg | shape=(1600, 1200, 3) | faces=1 | upscaled=False
2025-12-22 16:40:00,590 | INFO | [IMG] Raiyana_026.jpeg | shape=(1600, 1200, 3) | faces=1 | upscaled=False
2025-12-22 16:40:01,049 | INFO | [IMG] Raiyana_027.jpeg | shape=(1537, 1008, 3) | faces=1 | upscaled=False
2025-12-22 16:40:01,231 | INFO | [IMG] Raiyana_028.jpeg | shape=(1188, 737, 3) | faces=0 | upscaled=False
2025-12-22 16:40:01,729 | INFO | [IMG] Raiyana_029.jpeg | shape=(1024, 768, 3) | faces=1 | upscaled=False
2025-12-22 16:40:02,177 | INFO | [IMG] Raiyana_030.jpeg | shape=(637, 616, 3) | faces=1 | upscaled=False
2025-12-22 16:40:02,654 | INFO | [IMG] Raiyana_031.jpeg | shape=(1035, 502, 3) | faces=1 | upscaled=False
2025-12-22 16:40:03,150 | INFO | [IMG] Raiyana_032.jpeg | shape=(1280, 960, 3) | faces=1 | upscaled=False
2025-12-22 16:40:05,196 | INFO | [IMG] Raiyana_033.jpeg | shape=(1280, 960, 3) | faces=1 | upscaled=False
2025-12-22 16:40:05,657 | INFO | [IMG] Raiyana_034.jpeg | shape=(1280, 960, 3) | faces=1 | upscaled=False
2025-12-22 16:40:06,141 | INFO | [IMG] Raiyana_035.jpeg | shape=(1280, 960, 3) | faces=1 | upscaled=False
2025-12-22 16:40:06,888 | INFO | [IMG] Raiyana_036.jpeg | shape=(1280, 960, 3) | faces=1 | upscaled=False
2025-12-22 16:40:07,332 | INFO | [IMG] Raiyana_037.jpeg | shape=(1232, 593, 3) | faces=1 | upscaled=False
2025-12-22 16:40:07,334 | INFO | [PERSON] Rasul | images=18
2025-12-22 16:40:08,053 | INFO | [IMG] Rasul_001.jpeg | shape=(1569, 1080, 3) | faces=1 | upscaled=False
2025-12-22 16:40:08,514 | INFO | [IMG] Rasul_002.jpeg | shape=(1154, 1080, 3) | faces=1 | upscaled=False
2025-12-22 16:40:08,695 | INFO | [IMG] Rasul_003.jpeg | shape=(1330, 1080, 3) | faces=0 | upscaled=False
2025-12-22 16:40:09,190 | INFO | [IMG] Rasul_004.jpeg | shape=(1095, 1080, 3) | faces=1 | upscaled=False
2025-12-22 16:40:09,659 | INFO | [IMG] Rasul_005.jpeg | shape=(997, 1079, 3) | faces=1 | upscaled=False
2025-12-22 16:40:10,134 | INFO | [IMG] Rasul_006.jpeg | shape=(1318, 1080, 3) | faces=0 | upscaled=False
2025-12-22 16:40:10,134 | WARNING | Faces detected but filtered out
2025-12-22 16:40:10,134 | WARNING | RAW score=0.286 size=(436x603)
2025-12-22 16:40:10,558 | INFO | [IMG] Rasul_007.jpeg | shape=(1169, 1080, 3) | faces=0 | upscaled=False
2025-12-22 16:40:10,559 | WARNING | Faces detected but filtered out
2025-12-22 16:40:10,559 | WARNING | RAW score=0.313 size=(394x523)
2025-12-22 16:40:10,732 | INFO | [IMG] Rasul_008.jpeg | shape=(1600, 1000, 3) | faces=0 | upscaled=False
2025-12-22 16:40:11,202 | INFO | [IMG] Rasul_009.jpeg | shape=(1024, 1080, 3) | faces=1 | upscaled=False
2025-12-22 16:40:11,400 | INFO | [IMG] Rasul_010.jpeg | shape=(1332, 1080, 3) | faces=0 | upscaled=False
2025-12-22 16:40:11,588 | INFO | [IMG] Rasul_011.jpeg | shape=(1239, 1080, 3) | faces=0 | upscaled=False
2025-12-22 16:40:11,790 | INFO | [IMG] Rasul_012.jpeg | shape=(1204, 1080, 3) | faces=0 | upscaled=False
2025-12-22 16:40:12,260 | INFO | [IMG] Rasul_013.jpeg | shape=(1074, 1080, 3) | faces=0 | upscaled=False
2025-12-22 16:40:12,260 | WARNING | Faces detected but filtered out
2025-12-22 16:40:12,260 | WARNING | RAW score=0.301 size=(370x478)
2025-12-22 16:40:12,763 | INFO | [IMG] Rasul_014.jpeg | shape=(909, 869, 3) | faces=1 | upscaled=False
2025-12-22 16:40:12,958 | INFO | [IMG] Rasul_015.jpeg | shape=(1071, 1076, 3) | faces=0 | upscaled=False
2025-12-22 16:40:13,449 | INFO | [IMG] Rasul_016.jpeg | shape=(1103, 1080, 3) | faces=1 | upscaled=False
2025-12-22 16:40:13,916 | INFO | [IMG] Rasul_017.jpeg | shape=(1234, 1080, 3) | faces=1 | upscaled=False
2025-12-22 16:40:14,729 | INFO | [IMG] Rasul_018.jpeg | shape=(799, 467, 3) | faces=1 | upscaled=False
2025-12-22 16:40:14,731 | INFO | [PERSON] Ruth | images=27
2025-12-22 16:40:15,191 | INFO | [IMG] Ruth_001.jpeg | shape=(1280, 960, 3) | faces=1 | upscaled=False
2025-12-22 16:40:15,653 | INFO | [IMG] Ruth_002.jpeg | shape=(1280, 960, 3) | faces=1 | upscaled=False
2025-12-22 16:40:16,156 | INFO | [IMG] Ruth_003.jpeg | shape=(1600, 1200, 3) | faces=1 | upscaled=False
2025-12-22 16:40:16,630 | INFO | [IMG] Ruth_004.jpeg | shape=(1280, 960, 3) | faces=1 | upscaled=False
2025-12-22 16:40:17,108 | INFO | [IMG] Ruth_005.jpeg | shape=(1280, 960, 3) | faces=1 | upscaled=False
2025-12-22 16:40:17,570 | INFO | [IMG] Ruth_006.jpeg | shape=(1600, 1200, 3) | faces=1 | upscaled=False
2025-12-22 16:40:18,019 | INFO | [IMG] Ruth_007.jpeg | shape=(1280, 960, 3) | faces=0 | upscaled=False
2025-12-22 16:40:18,019 | WARNING | Faces detected but filtered out
2025-12-22 16:40:18,019 | WARNING | RAW score=0.341 size=(424x609)
2025-12-22 16:40:18,493 | INFO | [IMG] Ruth_008.jpeg | shape=(1280, 960, 3) | faces=1 | upscaled=False
2025-12-22 16:40:19,018 | INFO | [IMG] Ruth_009.jpeg | shape=(1600, 1200, 3) | faces=1 | upscaled=False
2025-12-22 16:40:19,200 | INFO | [IMG] Ruth_010.jpeg | shape=(1280, 960, 3) | faces=0 | upscaled=False
2025-12-22 16:40:19,682 | INFO | [IMG] Ruth_011.jpeg | shape=(1280, 960, 3) | faces=1 | upscaled=False
2025-12-22 16:40:20,168 | INFO | [IMG] Ruth_012.jpeg | shape=(1600, 1200, 3) | faces=1 | upscaled=False
2025-12-22 16:40:20,617 | INFO | [IMG] Ruth_013.jpeg | shape=(1280, 960, 3) | faces=1 | upscaled=False
2025-12-22 16:40:21,071 | INFO | [IMG] Ruth_014.jpeg | shape=(1280, 960, 3) | faces=1 | upscaled=False
2025-12-22 16:40:21,578 | INFO | [IMG] Ruth_015.jpeg | shape=(1600, 1200, 3) | faces=1 | upscaled=False
2025-12-22 16:40:22,061 | INFO | [IMG] Ruth_016.jpeg | shape=(1500, 1000, 3) | faces=1 | upscaled=False
2025-12-22 16:40:23,000 | INFO | [IMG] Ruth_017.jpeg | shape=(1500, 1000, 3) | faces=1 | upscaled=False
2025-12-22 16:40:23,186 | INFO | [IMG] Ruth_018.jpeg | shape=(1353, 1353, 3) | faces=0 | upscaled=False
2025-12-22 16:40:23,683 | INFO | [IMG] Ruth_019.jpeg | shape=(1500, 1000, 3) | faces=1 | upscaled=False
2025-12-22 16:40:24,140 | INFO | [IMG] Ruth_020.jpeg | shape=(1000, 1500, 3) | faces=1 | upscaled=False
2025-12-22 16:40:24,609 | INFO | [IMG] Ruth_021.jpeg | shape=(1500, 1000, 3) | faces=1 | upscaled=False
2025-12-22 16:40:25,362 | INFO | [IMG] Ruth_022.jpeg | shape=(1500, 1000, 3) | faces=1 | upscaled=False
2025-12-22 16:40:25,829 | INFO | [IMG] Ruth_023.jpeg | shape=(1280, 960, 3) | faces=1 | upscaled=False
2025-12-22 16:40:26,310 | INFO | [IMG] Ruth_024.jpeg | shape=(1280, 960, 3) | faces=1 | upscaled=False
2025-12-22 16:40:26,499 | INFO | [IMG] Ruth_025.jpeg | shape=(1280, 960, 3) | faces=0 | upscaled=False
2025-12-22 16:40:26,967 | INFO | [IMG] Ruth_026.jpeg | shape=(1280, 960, 3) | faces=1 | upscaled=False
2025-12-22 16:40:27,437 | INFO | [IMG] Ruth_027.jpeg | shape=(1280, 960, 3) | faces=1 | upscaled=False
2025-12-22 16:40:27,439 | INFO | [PERSON] Safiya | images=17
2025-12-22 16:40:27,599 | INFO | [IMG] Safiya_001.jpeg | shape=(397, 387, 3) | faces=0 | upscaled=False
2025-12-22 16:40:27,791 | INFO | [IMG] Safiya_002.jpeg | shape=(1280, 959, 3) | faces=0 | upscaled=False
2025-12-22 16:40:28,272 | INFO | [IMG] Safiya_003.jpeg | shape=(1280, 720, 3) | faces=1 | upscaled=False
2025-12-22 16:40:28,813 | INFO | [IMG] Safiya_004.jpeg | shape=(685, 473, 3) | faces=1 | upscaled=False
2025-12-22 16:40:28,999 | INFO | [IMG] Safiya_005.jpeg | shape=(304, 306, 3) | faces=0 | upscaled=False
2025-12-22 16:40:29,194 | INFO | [IMG] Safiya_006.jpeg | shape=(612, 415, 3) | faces=0 | upscaled=False
2025-12-22 16:40:29,397 | INFO | [IMG] Safiya_007.jpeg | shape=(960, 686, 3) | faces=0 | upscaled=False
2025-12-22 16:40:29,590 | INFO | [IMG] Safiya_008.jpeg | shape=(330, 316, 3) | faces=0 | upscaled=False
2025-12-22 16:40:29,780 | INFO | [IMG] Safiya_009.jpeg | shape=(693, 648, 3) | faces=0 | upscaled=False
2025-12-22 16:40:30,274 | INFO | [IMG] Safiya_010.jpeg | shape=(457, 384, 3) | faces=1 | upscaled=False
2025-12-22 16:40:30,458 | INFO | [IMG] Safiya_011.jpeg | shape=(645, 372, 3) | faces=0 | upscaled=False
2025-12-22 16:40:30,642 | INFO | [IMG] Safiya_012.jpeg | shape=(610, 644, 3) | faces=0 | upscaled=False
2025-12-22 16:40:31,100 | INFO | [IMG] Safiya_013.jpeg | shape=(334, 261, 3) | faces=0 | upscaled=False
2025-12-22 16:40:31,100 | WARNING | Faces detected but filtered out
2025-12-22 16:40:31,100 | WARNING | RAW score=0.311 size=(121x137)
2025-12-22 16:40:31,292 | INFO | [IMG] Safiya_014.jpeg | shape=(391, 325, 3) | faces=0 | upscaled=False
2025-12-22 16:40:31,466 | INFO | [IMG] Safiya_015.jpeg | shape=(541, 441, 3) | faces=0 | upscaled=False
2025-12-22 16:40:32,025 | INFO | [IMG] Safiya_016.jpeg | shape=(1280, 960, 3) | faces=1 | upscaled=False
2025-12-22 16:40:32,204 | INFO | [IMG] Safiya_017.jpeg | shape=(580, 587, 3) | faces=0 | upscaled=False
2025-12-22 16:40:32,206 | INFO | ===================================
2025-12-22 16:40:32,206 | INFO | DONE | Total faces collected: 428
2025-12-22 16:40:32,206 | INFO | ===================================
